2025-04-02 10:50:28 [INFO] ----- Attempting connection using ClientAppSecret...
2025-04-02 10:50:29 [INFO] ----- Connected to Microsoft Graph using ClientAppSecret!
2025-04-02 10:50:29 [INFO] ----- Successfully connected using ClientAppSecret!
2025-04-02 10:50:29 [INFO] ----- Attempting connection using ClientAppSecret...
2025-04-02 10:50:30 [INFO] ----- Successfully connected using ClientAppSecret!
2025-04-02 10:50:31 [INFO] ----- The total number of uses 52 and filtered are 2
2025-04-02 10:50:31 [INFO] ----- Email successfully sent to OrgShareCal@ithub.line.pm via MS Graph. Subject: Password Expiry Notice – 12 Days Remaining
2025-04-02 10:50:32 [INFO] ----- Email successfully sent to USSalesGeneralChannel@ithub.line.pm via MS Graph. Subject: Password Expiry Notice – 35 Days Remaining
2025-04-03 00:41:13 [INFO] ----- Attempting connection using ClientAppSecret...
2025-04-03 00:41:14 [INFO] ----- Connected to Microsoft Graph using ClientAppSecret!
2025-04-03 00:41:14 [INFO] ----- Successfully connected using ClientAppSecret!
2025-04-03 00:41:14 [INFO] ----- Attempting connection using ClientAppSecret...
2025-04-03 00:41:14 [INFO] ----- Successfully connected using ClientAppSecret!
2025-04-03 00:41:16 [INFO] ----- The total number of uses 52 and filtered are 0
2025-04-03 00:41:57 [INFO] ----- Attempting connection using ClientAppSecret...
2025-04-03 00:41:57 [INFO] ----- Connected to Microsoft Graph using ClientAppSecret!
2025-04-03 00:41:57 [INFO] ----- Successfully connected using ClientAppSecret!
2025-04-03 00:41:57 [INFO] ----- Attempting connection using ClientAppSecret...
2025-04-03 00:41:59 [INFO] ----- Successfully connected using ClientAppSecret!
2025-04-03 00:42:01 [INFO] ----- The total number of uses 52 and filtered are 0
2025-04-03 00:42:22 [INFO] ----- Attempting connection using ClientAppSecret...
2025-04-03 00:42:23 [INFO] ----- Connected to Microsoft Graph using ClientAppSecret!
2025-04-03 00:42:23 [INFO] ----- Successfully connected using ClientAppSecret!
2025-04-03 00:42:23 [INFO] ----- Attempting connection using ClientAppSecret...
2025-04-03 00:42:23 [INFO] ----- Successfully connected using ClientAppSecret!
2025-04-03 00:42:25 [INFO] ----- The total number of uses 52 and filtered are 0
2025-04-03 00:46:27 [INFO] ----- Attempting connection using ClientAppSecret...
2025-04-03 00:46:28 [INFO] ----- Connected to Microsoft Graph using ClientAppSecret!
2025-04-03 00:46:28 [INFO] ----- Successfully connected using ClientAppSecret!
2025-04-03 00:46:28 [INFO] ----- Attempting connection using ClientAppSecret...
2025-04-03 00:46:29 [INFO] ----- Successfully connected using ClientAppSecret!
2025-04-03 00:46:32 [INFO] ----- The total number of uses 52 and filtered are 2
2025-04-03 00:46:32 [INFO] ----- Email successfully sent to OrgShareCal@ithub.line.pm via MS Graph. Subject: Password Expiry Notice – 11 Days Remaining
2025-04-03 00:46:34 [INFO] ----- Email successfully sent to USSalesGeneralChannel@ithub.line.pm via MS Graph. Subject: Password Expiry Notice – 34 Days Remaining
2025-04-03 00:48:27 [INFO] ----- Attempting connection using ClientAppSecret...
2025-04-03 00:48:28 [INFO] ----- Connected to Microsoft Graph using ClientAppSecret!
2025-04-03 00:48:28 [INFO] ----- Successfully connected using ClientAppSecret!
2025-04-03 00:48:28 [INFO] ----- Attempting connection using ClientAppSecret...
2025-04-03 00:48:28 [INFO] ----- Successfully connected using ClientAppSecret!
2025-04-03 00:48:30 [INFO] ----- The total number of uses 52 and filtered are 2
2025-04-03 00:48:30 [INFO] ----- Email successfully sent to OrgShareCal@ithub.line.pm via MS Graph. Subject: Password Expiry Notice – 11 Days Remaining
2025-04-03 00:48:31 [INFO] ----- Email successfully sent to USSalesGeneralChannel@ithub.line.pm via MS Graph. Subject: Password Expiry Notice – 34 Days Remaining
2025-04-03 00:50:54 [INFO] ----- Attempting connection using ClientAppSecret...
2025-04-03 00:50:55 [INFO] ----- Connected to Microsoft Graph using ClientAppSecret!
2025-04-03 00:50:55 [INFO] ----- Successfully connected using ClientAppSecret!
2025-04-03 00:50:55 [INFO] ----- Attempting connection using ClientAppSecret...
2025-04-03 00:50:57 [INFO] ----- Successfully connected using ClientAppSecret!
2025-04-03 00:51:01 [INFO] ----- The total number of uses 52 and filtered are 0
2025-04-03 00:52:14 [INFO] ----- Attempting connection using ClientAppSecret...
2025-04-03 00:52:26 [INFO] ----- Connected to Microsoft Graph using ClientAppSecret!
2025-04-03 00:52:26 [INFO] ----- Successfully connected using ClientAppSecret!
2025-04-03 00:52:26 [INFO] ----- Attempting connection using ClientAppSecret...
2025-04-03 00:52:28 [INFO] ----- Successfully connected using ClientAppSecret!
2025-04-03 00:52:31 [INFO] ----- The total number of uses 52 and filtered are 0
2025-04-03 00:54:16 [INFO] ----- Attempting connection using ClientAppSecret...
2025-04-03 00:54:18 [INFO] ----- Connected to Microsoft Graph using ClientAppSecret!
2025-04-03 00:54:18 [INFO] ----- Successfully connected using ClientAppSecret!
2025-04-03 00:54:18 [INFO] ----- Attempting connection using ClientAppSecret...
2025-04-03 00:54:19 [INFO] ----- Successfully connected using ClientAppSecret!
2025-04-03 00:54:56 [INFO] ----- Attempting connection using ClientAppSecret...
2025-04-03 00:54:56 [INFO] ----- Disconnected existing Microsoft Graph session.
2025-04-03 00:54:57 [INFO] ----- Connected to Microsoft Graph using ClientAppSecret!
2025-04-03 00:54:57 [INFO] ----- Successfully connected using ClientAppSecret!
2025-04-03 00:54:57 [INFO] ----- Attempting connection using ClientAppSecret...
2025-04-03 00:54:59 [INFO] ----- Successfully connected using ClientAppSecret!
2025-04-03 00:55:54 [INFO] ----- Attempting connection using ClientAppSecret...
2025-04-03 00:55:54 [INFO] ----- Disconnected existing Microsoft Graph session.
2025-04-03 00:55:55 [INFO] ----- Connected to Microsoft Graph using ClientAppSecret!
2025-04-03 00:55:55 [INFO] ----- Successfully connected using ClientAppSecret!
2025-04-03 00:55:55 [INFO] ----- Attempting connection using ClientAppSecret...
2025-04-03 00:55:56 [INFO] ----- Successfully connected using ClientAppSecret!
2025-04-03 00:56:15 [INFO] ----- Attempting connection using ClientAppSecret...
2025-04-03 00:56:15 [INFO] ----- Disconnected existing Microsoft Graph session.
2025-04-03 00:56:16 [INFO] ----- Connected to Microsoft Graph using ClientAppSecret!
2025-04-03 00:56:16 [INFO] ----- Successfully connected using ClientAppSecret!
2025-04-03 00:56:16 [INFO] ----- Attempting connection using ClientAppSecret...
2025-04-03 00:56:17 [INFO] ----- Successfully connected using ClientAppSecret!
2025-04-03 00:56:49 [INFO] ----- Attempting connection using ClientAppSecret...
2025-04-03 00:56:49 [INFO] ----- Disconnected existing Microsoft Graph session.
2025-04-03 00:56:50 [INFO] ----- Connected to Microsoft Graph using ClientAppSecret!
2025-04-03 00:56:50 [INFO] ----- Successfully connected using ClientAppSecret!
2025-04-03 00:56:50 [INFO] ----- Attempting connection using ClientAppSecret...
2025-04-03 00:56:51 [INFO] ----- Successfully connected using ClientAppSecret!
2025-04-03 00:57:12 [INFO] ----- Attempting connection using ClientAppSecret...
2025-04-03 00:57:12 [INFO] ----- Disconnected existing Microsoft Graph session.
2025-04-03 00:57:13 [INFO] ----- Connected to Microsoft Graph using ClientAppSecret!
2025-04-03 00:57:13 [INFO] ----- Successfully connected using ClientAppSecret!
2025-04-03 00:57:13 [INFO] ----- Attempting connection using ClientAppSecret...
2025-04-03 00:57:14 [INFO] ----- Successfully connected using ClientAppSecret!
2025-04-03 00:57:27 [INFO] ----- Attempting connection using ClientAppSecret...
2025-04-03 00:57:27 [INFO] ----- Disconnected existing Microsoft Graph session.
2025-04-03 00:57:28 [INFO] ----- Connected to Microsoft Graph using ClientAppSecret!
2025-04-03 00:57:28 [INFO] ----- Successfully connected using ClientAppSecret!
2025-04-03 00:57:28 [INFO] ----- Attempting connection using ClientAppSecret...
2025-04-03 00:57:29 [INFO] ----- Successfully connected using ClientAppSecret!
2025-04-03 00:57:42 [INFO] ----- Attempting connection using ClientAppSecret...
2025-04-03 00:57:42 [INFO] ----- Disconnected existing Microsoft Graph session.
2025-04-03 00:57:43 [INFO] ----- Connected to Microsoft Graph using ClientAppSecret!
2025-04-03 00:57:43 [INFO] ----- Successfully connected using ClientAppSecret!
2025-04-03 00:57:43 [INFO] ----- Attempting connection using ClientAppSecret...
2025-04-03 00:57:43 [INFO] ----- Successfully connected using ClientAppSecret!
2025-04-03 00:58:28 [INFO] ----- Attempting connection using ClientAppSecret...
2025-04-03 00:58:28 [INFO] ----- Disconnected existing Microsoft Graph session.
2025-04-03 00:58:28 [INFO] ----- Connected to Microsoft Graph using ClientAppSecret!
2025-04-03 00:58:28 [INFO] ----- Successfully connected using ClientAppSecret!
2025-04-03 00:58:28 [INFO] ----- Attempting connection using ClientAppSecret...
2025-04-03 00:58:29 [INFO] ----- Successfully connected using ClientAppSecret!
2025-04-03 00:59:52 [INFO] ----- Attempting connection using ClientAppSecret...
2025-04-03 00:59:52 [INFO] ----- Disconnected existing Microsoft Graph session.
2025-04-03 00:59:53 [INFO] ----- Connected to Microsoft Graph using ClientAppSecret!
2025-04-03 00:59:53 [INFO] ----- Successfully connected using ClientAppSecret!
2025-04-03 00:59:53 [INFO] ----- Attempting connection using ClientAppSecret...
2025-04-03 00:59:54 [INFO] ----- Successfully connected using ClientAppSecret!
2025-04-03 01:01:12 [INFO] ----- Attempting connection using ClientAppSecret...
2025-04-03 01:01:12 [INFO] ----- Disconnected existing Microsoft Graph session.
2025-04-03 01:01:13 [INFO] ----- Connected to Microsoft Graph using ClientAppSecret!
2025-04-03 01:01:13 [INFO] ----- Successfully connected using ClientAppSecret!
2025-04-03 01:01:13 [INFO] ----- Attempting connection using ClientAppSecret...
2025-04-03 01:01:13 [INFO] ----- Successfully connected using ClientAppSecret!
2025-04-03 01:01:39 [INFO] ----- Attempting connection using ClientAppSecret...
2025-04-03 01:01:39 [INFO] ----- Disconnected existing Microsoft Graph session.
2025-04-03 01:01:40 [INFO] ----- Connected to Microsoft Graph using ClientAppSecret!
2025-04-03 01:01:40 [INFO] ----- Successfully connected using ClientAppSecret!
2025-04-03 01:01:40 [INFO] ----- Attempting connection using ClientAppSecret...
2025-04-03 01:01:41 [INFO] ----- Successfully connected using ClientAppSecret!
2025-04-03 01:02:21 [INFO] ----- Attempting connection using ClientAppSecret...
2025-04-03 01:02:21 [INFO] ----- Disconnected existing Microsoft Graph session.
2025-04-03 01:02:21 [INFO] ----- Connected to Microsoft Graph using ClientAppSecret!
2025-04-03 01:02:21 [INFO] ----- Successfully connected using ClientAppSecret!
2025-04-03 01:02:21 [INFO] ----- Attempting connection using ClientAppSecret...
2025-04-03 01:02:22 [INFO] ----- Successfully connected using ClientAppSecret!
2025-04-03 01:02:30 [INFO] ----- Attempting connection using ClientAppSecret...
2025-04-03 01:02:30 [INFO] ----- Disconnected existing Microsoft Graph session.
2025-04-03 01:02:31 [INFO] ----- Connected to Microsoft Graph using ClientAppSecret!
2025-04-03 01:02:31 [INFO] ----- Successfully connected using ClientAppSecret!
2025-04-03 01:02:31 [INFO] ----- Attempting connection using ClientAppSecret...
2025-04-03 01:02:32 [INFO] ----- Successfully connected using ClientAppSecret!
2025-04-03 01:05:16 [INFO] ----- Attempting connection using ClientAppSecret...
2025-04-03 01:05:17 [INFO] ----- Connected to Microsoft Graph using ClientAppSecret!
2025-04-03 01:05:17 [INFO] ----- Successfully connected using ClientAppSecret!
2025-04-03 01:05:17 [INFO] ----- Attempting connection using ClientAppSecret...
2025-04-03 01:05:18 [INFO] ----- Successfully connected using ClientAppSecret!
2025-04-03 01:06:26 [INFO] ----- Attempting connection using ClientAppSecret...
2025-04-03 01:06:27 [INFO] ----- Connected to Microsoft Graph using ClientAppSecret!
2025-04-03 01:06:27 [INFO] ----- Successfully connected using ClientAppSecret!
2025-04-03 01:06:27 [INFO] ----- Attempting connection using ClientAppSecret...
2025-04-03 01:06:28 [INFO] ----- Successfully connected using ClientAppSecret!
2025-04-03 01:08:20 [INFO] ----- Attempting connection using ClientAppSecret...
2025-04-03 01:08:20 [INFO] ----- Disconnected existing Microsoft Graph session.
2025-04-03 01:08:21 [INFO] ----- Connected to Microsoft Graph using ClientAppSecret!
2025-04-03 01:08:21 [INFO] ----- Successfully connected using ClientAppSecret!
2025-04-03 01:08:21 [INFO] ----- Attempting connection using ClientAppSecret...
2025-04-03 01:08:22 [INFO] ----- Successfully connected using ClientAppSecret!
2025-04-03 01:09:32 [INFO] ----- Attempting connection using ClientAppSecret...
2025-04-03 01:09:32 [INFO] ----- Disconnected existing Microsoft Graph session.
2025-04-03 01:09:33 [INFO] ----- Connected to Microsoft Graph using ClientAppSecret!
2025-04-03 01:09:33 [INFO] ----- Successfully connected using ClientAppSecret!
2025-04-03 01:09:33 [INFO] ----- Attempting connection using ClientAppSecret...
2025-04-03 01:09:34 [INFO] ----- Successfully connected using ClientAppSecret!
2025-04-03 01:09:56 [INFO] ----- Attempting connection using ClientAppSecret...
2025-04-03 01:09:56 [INFO] ----- Disconnected existing Microsoft Graph session.
2025-04-03 01:09:57 [INFO] ----- Connected to Microsoft Graph using ClientAppSecret!
2025-04-03 01:09:57 [INFO] ----- Successfully connected using ClientAppSecret!
2025-04-03 01:09:57 [INFO] ----- Attempting connection using ClientAppSecret...
2025-04-03 01:09:58 [INFO] ----- Successfully connected using ClientAppSecret!
2025-04-03 01:10:01 [INFO] ----- The total number of uses 52 and filtered are 2
2025-04-03 01:10:01 [INFO] ----- Email successfully sent to OrgShareCal@ithub.line.pm via MS Graph. Subject: Password Expiry Notice – 11 Days Remaining
2025-04-03 01:10:02 [INFO] ----- Email successfully sent to USSalesGeneralChannel@ithub.line.pm via MS Graph. Subject: Password Expiry Notice – 34 Days Remaining
2025-04-03 01:10:25 [INFO] ----- Attempting connection using ClientAppSecret...
2025-04-03 01:10:27 [INFO] ----- Connected to Microsoft Graph using ClientAppSecret!
2025-04-03 01:10:27 [INFO] ----- Successfully connected using ClientAppSecret!
2025-04-03 01:10:27 [INFO] ----- Attempting connection using ClientAppSecret...
2025-04-03 01:10:27 [INFO] ----- Successfully connected using ClientAppSecret!
2025-04-03 01:10:32 [INFO] ----- The total number of uses 52 and filtered are 2
2025-04-03 01:10:32 [INFO] ----- Email successfully sent to OrgShareCal@ithub.line.pm via MS Graph. Subject: Password Expiry Notice – 11 Days Remaining
2025-04-03 01:10:33 [INFO] ----- Email successfully sent to USSalesGeneralChannel@ithub.line.pm via MS Graph. Subject: Password Expiry Notice – 34 Days Remaining
2025-04-03 01:11:05 [INFO] ----- Attempting connection using ClientAppSecret...
2025-04-03 01:11:06 [INFO] ----- Connected to Microsoft Graph using ClientAppSecret!
2025-04-03 01:11:06 [INFO] ----- Successfully connected using ClientAppSecret!
2025-04-03 01:11:06 [INFO] ----- Attempting connection using ClientAppSecret...
2025-04-03 01:11:07 [INFO] ----- Successfully connected using ClientAppSecret!
2025-04-03 01:11:09 [INFO] ----- The total number of uses 52 and filtered are 1
2025-04-03 01:11:49 [INFO] ----- Attempting connection using ClientAppSecret...
2025-04-03 01:11:49 [INFO] ----- Disconnected existing Microsoft Graph session.
2025-04-03 01:11:50 [INFO] ----- Connected to Microsoft Graph using ClientAppSecret!
2025-04-03 01:11:50 [INFO] ----- Successfully connected using ClientAppSecret!
2025-04-03 01:11:50 [INFO] ----- Attempting connection using ClientAppSecret...
2025-04-03 01:11:50 [INFO] ----- Successfully connected using ClientAppSecret!
2025-04-03 01:11:53 [INFO] ----- The total number of uses 52 and filtered are 0
